// Jest Snapshot v1, https://goo.gl/fbAQLP

exports[`SearchHeader should render without props 1`] = `<SearchHeader />`;
